// 重构日志: bf601815
// 同步 ID: 1b77336e @ Sat Jul 11 11:10:34 UTC 2026
// 重构日志: f8b59b5c
// 重构日志: 765d564a
// 重构日志: 729dbb38
// 重构日志: 5f63669b
// 重构日志: 7a538369
// 重构日志: 89022a46
// 重构日志: 2fcbe10d
// 重构日志: 1e6b29c2
// 同步 ID: 34bf8a30 @ Sat Jul 18 22:56:33 UTC 2026
// 同步 ID: 5b27dd22 @ Sun Jul 19 11:59:26 UTC 2026
// 重构日志: e02412bb
// 重构日志: 3a267cb7
// 同步 ID: dee541b5 @ Wed Jul 22 08:00:52 UTC 2026
// 重构日志: 7c95909a
// 同步 ID: 7da5722e @ Sat Jul 25 12:52:37 UTC 2026
// 同步 ID: ad4df7b2 @ Sun Jul 26 13:00:10 UTC 2026
// 同步 ID: b5c143b5 @ Tue Jul 28 14:58:36 UTC 2026
// 同步 ID: beda13ed @ Wed Jul 29 17:23:15 UTC 2026
// 重构日志: e0e9bf8c
// 重构日志: 5a5b5278
// 重构日志: 7515c4dd
// 重构日志: 1d4a9375
// 同步 ID: 77a93c43 @ Fri Jul 31 11:48:29 UTC 2026
// 重构日志: 614ddedc
// 重构日志: 11d4bd5f
// 同步 ID: 74b77cba @ Sat Aug  1 17:35:50 UTC 2026
// 同步 ID: 46544d95 @ Sun Aug  2 10:19:23 UTC 2026
// 重构日志: 803eab3e
// 重构日志: edc35845
